Learning rate: 0.0001
Train epoch 0: [0/1 (0%)]	Loss: 73.254 |	MSE loss: 0.106 |	Bpp loss: 4.06 |	Aux loss: 7917.84
Test epoch 0: Average losses:	Loss: 78.085 |	MSE loss: 0.114 |	Bpp loss: 4.06 |	Aux loss: 7917.78

Learning rate: 0.0001
Train epoch 1: [0/1 (0%)]	Loss: 69.391 |	MSE loss: 0.100 |	Bpp loss: 4.06 |	Aux loss: 7917.42
Test epoch 1: Average losses:	Loss: 77.089 |	MSE loss: 0.112 |	Bpp loss: 4.06 |	Aux loss: 7917.37

Learning rate: 0.0001
Train epoch 2: [0/1 (0%)]	Loss: 81.454 |	MSE loss: 0.119 |	Bpp loss: 4.06 |	Aux loss: 7917.01
Test epoch 2: Average losses:	Loss: 76.104 |	MSE loss: 0.111 |	Bpp loss: 4.06 |	Aux loss: 7916.95

Learning rate: 0.0001
Train epoch 3: [0/1 (0%)]	Loss: 76.327 |	MSE loss: 0.111 |	Bpp loss: 4.06 |	Aux loss: 7916.59
Test epoch 3: Average losses:	Loss: 75.106 |	MSE loss: 0.109 |	Bpp loss: 4.05 |	Aux loss: 7916.54

Learning rate: 0.0001
Train epoch 4: [0/1 (0%)]	Loss: 68.382 |	MSE loss: 0.099 |	Bpp loss: 4.06 |	Aux loss: 7916.18
Test epoch 4: Average losses:	Loss: 72.342 |	MSE loss: 0.105 |	Bpp loss: 4.05 |	Aux loss: 7916.12

Learning rate: 0.0001
Train epoch 5: [0/1 (0%)]	Loss: 68.586 |	MSE loss: 0.099 |	Bpp loss: 4.05 |	Aux loss: 7915.76
Test epoch 5: Average losses:	Loss: 65.022 |	MSE loss: 0.094 |	Bpp loss: 4.05 |	Aux loss: 7915.70

Learning rate: 0.0001
Train epoch 6: [0/1 (0%)]	Loss: 61.092 |	MSE loss: 0.088 |	Bpp loss: 4.05 |	Aux loss: 7915.34
Test epoch 6: Average losses:	Loss: 55.618 |	MSE loss: 0.079 |	Bpp loss: 4.05 |	Aux loss: 7915.28

Learning rate: 0.0001
Train epoch 7: [0/1 (0%)]	Loss: 57.247 |	MSE loss: 0.082 |	Bpp loss: 4.05 |	Aux loss: 7914.92
Test epoch 7: Average losses:	Loss: 58.262 |	MSE loss: 0.083 |	Bpp loss: 4.05 |	Aux loss: 7914.86

Learning rate: 0.0001
Train epoch 8: [0/1 (0%)]	Loss: 58.874 |	MSE loss: 0.084 |	Bpp loss: 4.05 |	Aux loss: 7914.51
Test epoch 8: Average losses:	Loss: 60.872 |	MSE loss: 0.087 |	Bpp loss: 4.05 |	Aux loss: 7914.45

Learning rate: 0.0001
Train epoch 9: [0/1 (0%)]	Loss: 60.795 |	MSE loss: 0.087 |	Bpp loss: 4.05 |	Aux loss: 7914.12
Test epoch 9: Average losses:	Loss: 53.210 |	MSE loss: 0.076 |	Bpp loss: 4.05 |	Aux loss: 7914.06

